[ERROR] 2026-08-19 14:40:05,579 celery.utils.dispatch.signal: Signal handler <bound method DjangoFixup.on_import_modules of <celery.fixups.django.DjangoFixup object at 0x7fb6738bbe00>> raised: ModuleNotFoundError("No module named 'apps'")
Traceback (most recent call last):
  File "/usr/local/lib/python3.13/site-packages/celery/utils/dispatch/signal.py", line 280, in send
    response = receiver(signal=self, sender=sender, **named)
  File "/usr/local/lib/python3.13/site-packages/celery/fixups/django.py", line 103, in on_import_modules
    self.worker_fixup.validate_models()
    ~~~~~~~~~~~~~~~~~~~~~~~~~~~~~~~~~^^
  File "/usr/local/lib/python3.13/site-packages/celery/fixups/django.py", line 154, in validate_models
    run_checks()
    ~~~~~~~~~~^^
  File "/usr/local/lib/python3.13/site-packages/django/core/checks/registry.py", line 88, in run_checks
    new_errors = check(app_configs=app_configs, databases=databases)
  File "/usr/local/lib/python3.13/site-packages/django/core/checks/urls.py", line 44, in check_url_namespaces_unique
    all_namespaces = _load_all_namespaces(resolver)
  File "/usr/local/lib/python3.13/site-packages/django/core/checks/urls.py", line 63, in _load_all_namespaces
    url_patterns = getattr(resolver, "url_patterns", [])
  File "/usr/local/lib/python3.13/site-packages/django/utils/functional.py", line 47, in __get__
    res = instance.__dict__[self.name] = self.func(instance)
                                         ~~~~~~~~~^^^^^^^^^^
  File "/usr/local/lib/python3.13/site-packages/django/urls/resolvers.py", line 718, in url_patterns
    patterns = getattr(self.urlconf_module, "urlpatterns", self.urlconf_module)
                       ^^^^^^^^^^^^^^^^^^^
  File "/usr/local/lib/python3.13/site-packages/django/utils/functional.py", line 47, in __get__
    res = instance.__dict__[self.name] = self.func(instance)
                                         ~~~~~~~~~^^^^^^^^^^
  File "/usr/local/lib/python3.13/site-packages/django/urls/resolvers.py", line 711, in urlconf_module
    return import_module(self.urlconf_name)
  File "/usr/local/lib/python3.13/importlib/__init__.py", line 88, in import_module
    return _bootstrap._gcd_import(name[level:], package, level)
           ~~~~~~~~~~~~~~~~~~~~~~^^^^^^^^^^^^^^^^^^^^^^^^^^^^^^
  File "<frozen importlib._bootstrap>", line 1395, in _gcd_import
  File "<frozen importlib._bootstrap>", line 1360, in _find_and_load
  File "<frozen importlib._bootstrap>", line 1331, in _find_and_load_unlocked
  File "<frozen importlib._bootstrap>", line 935, in _load_unlocked
  File "<frozen importlib._bootstrap_external>", line 1023, in exec_module
  File "<frozen importlib._bootstrap>", line 488, in _call_with_frames_removed
  File "/app/config/urls.py", line 29, in <module>
    path('taxonomy/', include('apps.taxonomy.urls')),
                      ~~~~~~~^^^^^^^^^^^^^^^^^^^^^^
  File "/usr/local/lib/python3.13/site-packages/django/urls/conf.py", line 39, in include
    urlconf_module = import_module(urlconf_module)
  File "/usr/local/lib/python3.13/importlib/__init__.py", line 88, in import_module
    return _bootstrap._gcd_import(name[level:], package, level)
           ~~~~~~~~~~~~~~~~~~~~~~^^^^^^^^^^^^^^^^^^^^^^^^^^^^^^
  File "<frozen importlib._bootstrap>", line 1395, in _gcd_import
  File "<frozen importlib._bootstrap>", line 1360, in _find_and_load
  File "<frozen importlib._bootstrap>", line 1310, in _find_and_load_unlocked
  File "<frozen importlib._bootstrap>", line 488, in _call_with_frames_removed
  File "<frozen importlib._bootstrap>", line 1395, in _gcd_import
  File "<frozen importlib._bootstrap>", line 1360, in _find_and_load
  File "<frozen importlib._bootstrap>", line 1310, in _find_and_load_unlocked
  File "<frozen importlib._bootstrap>", line 488, in _call_with_frames_removed
  File "<frozen importlib._bootstrap>", line 1395, in _gcd_import
  File "<frozen importlib._bootstrap>", line 1360, in _find_and_load
  File "<frozen importlib._bootstrap>", line 1324, in _find_and_load_unlocked
ModuleNotFoundError: No module named 'apps'
[INFO] 2026-08-19 14:40:06,139 django.utils.autoreload: Watching for file changes with StatReloader
[INFO] 2026-08-19 14:43:33,739 django.utils.autoreload: /app/observations/signals.py changed, reloading.
[INFO] 2026-08-19 14:43:34,081 django.utils.autoreload: Watching for file changes with StatReloader
[INFO] 2026-08-19 14:43:52,333 django.utils.autoreload: /app/observations/apps.py changed, reloading.
[INFO] 2026-08-19 14:43:52,700 django.utils.autoreload: Watching for file changes with StatReloader
[INFO] 2026-08-19 14:50:53,908 django.utils.autoreload: /app/config/settings.py changed, reloading.
[INFO] 2026-08-19 14:50:54,283 django.utils.autoreload: Watching for file changes with StatReloader
[ERROR] 2026-08-19 14:51:13,154 celery.utils.dispatch.signal: Signal handler <bound method DjangoFixup.on_import_modules of <celery.fixups.django.DjangoFixup object at 0x7f5d56936e40>> raised: ImportError("cannot import name 'ArticleCategory' from 'content.models' (/app/content/models.py)")
Traceback (most recent call last):
  File "/usr/local/lib/python3.13/site-packages/django/core/checks/urls.py", line 136, in check_custom_error_handlers
    handler = resolver.resolve_error_handler(status_code)
  File "/usr/local/lib/python3.13/site-packages/django/urls/resolvers.py", line 732, in resolve_error_handler
    callback = getattr(self.urlconf_module, "handler%s" % view_type, None)
                       ^^^^^^^^^^^^^^^^^^^
  File "/usr/local/lib/python3.13/site-packages/django/utils/functional.py", line 47, in __get__
    res = instance.__dict__[self.name] = self.func(instance)
                                         ~~~~~~~~~^^^^^^^^^^
  File "/usr/local/lib/python3.13/site-packages/django/urls/resolvers.py", line 711, in urlconf_module
    return import_module(self.urlconf_name)
  File "/usr/local/lib/python3.13/importlib/__init__.py", line 88, in import_module
    return _bootstrap._gcd_import(name[level:], package, level)
           ~~~~~~~~~~~~~~~~~~~~~~^^^^^^^^^^^^^^^^^^^^^^^^^^^^^^
  File "<frozen importlib._bootstrap>", line 1395, in _gcd_import
  File "<frozen importlib._bootstrap>", line 1360, in _find_and_load
  File "<frozen importlib._bootstrap>", line 1331, in _find_and_load_unlocked
  File "<frozen importlib._bootstrap>", line 935, in _load_unlocked
  File "<frozen importlib._bootstrap_external>", line 1023, in exec_module
  File "<frozen importlib._bootstrap>", line 488, in _call_with_frames_removed
  File "/app/config/urls.py", line 32, in <module>
    path('content/', include('content.urls')),
                     ~~~~~~~^^^^^^^^^^^^^^^^
  File "/usr/local/lib/python3.13/site-packages/django/urls/conf.py", line 39, in include
    urlconf_module = import_module(urlconf_module)
  File "/usr/local/lib/python3.13/importlib/__init__.py", line 88, in import_module
    return _bootstrap._gcd_import(name[level:], package, level)
           ~~~~~~~~~~~~~~~~~~~~~~^^^^^^^^^^^^^^^^^^^^^^^^^^^^^^
  File "<frozen importlib._bootstrap>", line 1395, in _gcd_import
  File "<frozen importlib._bootstrap>", line 1360, in _find_and_load
  File "<frozen importlib._bootstrap>", line 1331, in _find_and_load_unlocked
  File "<frozen importlib._bootstrap>", line 935, in _load_unlocked
  File "<frozen importlib._bootstrap_external>", line 1023, in exec_module
  File "<frozen importlib._bootstrap>", line 488, in _call_with_frames_removed
  File "/app/content/urls.py", line 3, in <module>
    from .views import ArticleCategoryViewSet, ArticleViewSet, PublicationViewSet
  File "/app/content/views.py", line 3, in <module>
    from .models import ArticleCategory, Article, Publication
ImportError: cannot import name 'ArticleCategory' from 'content.models' (/app/content/models.py)

During handling of the above exception, another exception occurred:

Traceback (most recent call last):
  File "/usr/local/lib/python3.13/site-packages/celery/utils/dispatch/signal.py", line 280, in send
    response = receiver(signal=self, sender=sender, **named)
  File "/usr/local/lib/python3.13/site-packages/celery/fixups/django.py", line 103, in on_import_modules
    self.worker_fixup.validate_models()
    ~~~~~~~~~~~~~~~~~~~~~~~~~~~~~~~~~^^
  File "/usr/local/lib/python3.13/site-packages/celery/fixups/django.py", line 154, in validate_models
    run_checks()
    ~~~~~~~~~~^^
  File "/usr/local/lib/python3.13/site-packages/django/core/checks/registry.py", line 88, in run_checks
    new_errors = check(app_configs=app_configs, databases=databases)
  File "/usr/local/lib/python3.13/site-packages/django/core/checks/urls.py", line 138, in check_custom_error_handlers
    path = getattr(resolver.urlconf_module, "handler%s" % status_code)
                   ^^^^^^^^^^^^^^^^^^^^^^^
  File "/usr/local/lib/python3.13/site-packages/django/utils/functional.py", line 47, in __get__
    res = instance.__dict__[self.name] = self.func(instance)
                                         ~~~~~~~~~^^^^^^^^^^
  File "/usr/local/lib/python3.13/site-packages/django/urls/resolvers.py", line 711, in urlconf_module
    return import_module(self.urlconf_name)
  File "/usr/local/lib/python3.13/importlib/__init__.py", line 88, in import_module
    return _bootstrap._gcd_import(name[level:], package, level)
           ~~~~~~~~~~~~~~~~~~~~~~^^^^^^^^^^^^^^^^^^^^^^^^^^^^^^
  File "<frozen importlib._bootstrap>", line 1395, in _gcd_import
  File "<frozen importlib._bootstrap>", line 1360, in _find_and_load
  File "<frozen importlib._bootstrap>", line 1331, in _find_and_load_unlocked
  File "<frozen importlib._bootstrap>", line 935, in _load_unlocked
  File "<frozen importlib._bootstrap_external>", line 1023, in exec_module
  File "<frozen importlib._bootstrap>", line 488, in _call_with_frames_removed
  File "/app/config/urls.py", line 32, in <module>
    path('content/', include('content.urls')),
                     ~~~~~~~^^^^^^^^^^^^^^^^
  File "/usr/local/lib/python3.13/site-packages/django/urls/conf.py", line 39, in include
    urlconf_module = import_module(urlconf_module)
  File "/usr/local/lib/python3.13/importlib/__init__.py", line 88, in import_module
    return _bootstrap._gcd_import(name[level:], package, level)
           ~~~~~~~~~~~~~~~~~~~~~~^^^^^^^^^^^^^^^^^^^^^^^^^^^^^^
  File "<frozen importlib._bootstrap>", line 1395, in _gcd_import
  File "<frozen importlib._bootstrap>", line 1360, in _find_and_load
  File "<frozen importlib._bootstrap>", line 1331, in _find_and_load_unlocked
  File "<frozen importlib._bootstrap>", line 935, in _load_unlocked
  File "<frozen importlib._bootstrap_external>", line 1023, in exec_module
  File "<frozen importlib._bootstrap>", line 488, in _call_with_frames_removed
  File "/app/content/urls.py", line 3, in <module>
    from .views import ArticleCategoryViewSet, ArticleViewSet, PublicationViewSet
  File "/app/content/views.py", line 3, in <module>
    from .models import ArticleCategory, Article, Publication
ImportError: cannot import name 'ArticleCategory' from 'content.models' (/app/content/models.py)
[INFO] 2026-08-19 14:51:13,684 django.utils.autoreload: Watching for file changes with StatReloader
[ERROR] 2026-08-19 15:05:42,506 celery.utils.dispatch.signal: Signal handler <bound method DjangoFixup.on_import_modules of <celery.fixups.django.DjangoFixup object at 0x7fdc565c7e00>> raised: ImportError("cannot import name 'ArticleCategory' from 'content.models' (/app/content/models.py)")
Traceback (most recent call last):
  File "/usr/local/lib/python3.13/site-packages/celery/utils/dispatch/signal.py", line 280, in send
    response = receiver(signal=self, sender=sender, **named)
  File "/usr/local/lib/python3.13/site-packages/celery/fixups/django.py", line 103, in on_import_modules
    self.worker_fixup.validate_models()
    ~~~~~~~~~~~~~~~~~~~~~~~~~~~~~~~~~^^
  File "/usr/local/lib/python3.13/site-packages/celery/fixups/django.py", line 154, in validate_models
    run_checks()
    ~~~~~~~~~~^^
  File "/usr/local/lib/python3.13/site-packages/django/core/checks/registry.py", line 88, in run_checks
    new_errors = check(app_configs=app_configs, databases=databases)
  File "/usr/local/lib/python3.13/site-packages/django/core/checks/urls.py", line 16, in check_url_config
    return check_resolver(resolver)
  File "/usr/local/lib/python3.13/site-packages/django/core/checks/urls.py", line 26, in check_resolver
    return check_method()
  File "/usr/local/lib/python3.13/site-packages/django/urls/resolvers.py", line 531, in check
    for pattern in self.url_patterns:
                   ^^^^^^^^^^^^^^^^^
  File "/usr/local/lib/python3.13/site-packages/django/utils/functional.py", line 47, in __get__
    res = instance.__dict__[self.name] = self.func(instance)
                                         ~~~~~~~~~^^^^^^^^^^
  File "/usr/local/lib/python3.13/site-packages/django/urls/resolvers.py", line 718, in url_patterns
    patterns = getattr(self.urlconf_module, "urlpatterns", self.urlconf_module)
                       ^^^^^^^^^^^^^^^^^^^
  File "/usr/local/lib/python3.13/site-packages/django/utils/functional.py", line 47, in __get__
    res = instance.__dict__[self.name] = self.func(instance)
                                         ~~~~~~~~~^^^^^^^^^^
  File "/usr/local/lib/python3.13/site-packages/django/urls/resolvers.py", line 711, in urlconf_module
    return import_module(self.urlconf_name)
  File "/usr/local/lib/python3.13/importlib/__init__.py", line 88, in import_module
    return _bootstrap._gcd_import(name[level:], package, level)
           ~~~~~~~~~~~~~~~~~~~~~~^^^^^^^^^^^^^^^^^^^^^^^^^^^^^^
  File "<frozen importlib._bootstrap>", line 1395, in _gcd_import
  File "<frozen importlib._bootstrap>", line 1360, in _find_and_load
  File "<frozen importlib._bootstrap>", line 1331, in _find_and_load_unlocked
  File "<frozen importlib._bootstrap>", line 935, in _load_unlocked
  File "<frozen importlib._bootstrap_external>", line 1023, in exec_module
  File "<frozen importlib._bootstrap>", line 488, in _call_with_frames_removed
  File "/app/config/urls.py", line 32, in <module>
    path('content/', include('content.urls')),
                     ~~~~~~~^^^^^^^^^^^^^^^^
  File "/usr/local/lib/python3.13/site-packages/django/urls/conf.py", line 39, in include
    urlconf_module = import_module(urlconf_module)
  File "/usr/local/lib/python3.13/importlib/__init__.py", line 88, in import_module
    return _bootstrap._gcd_import(name[level:], package, level)
           ~~~~~~~~~~~~~~~~~~~~~~^^^^^^^^^^^^^^^^^^^^^^^^^^^^^^
  File "<frozen importlib._bootstrap>", line 1395, in _gcd_import
  File "<frozen importlib._bootstrap>", line 1360, in _find_and_load
  File "<frozen importlib._bootstrap>", line 1331, in _find_and_load_unlocked
  File "<frozen importlib._bootstrap>", line 935, in _load_unlocked
  File "<frozen importlib._bootstrap_external>", line 1023, in exec_module
  File "<frozen importlib._bootstrap>", line 488, in _call_with_frames_removed
  File "/app/content/urls.py", line 3, in <module>
    from .views import ArticleCategoryViewSet, ArticleViewSet, PublicationViewSet
  File "/app/content/views.py", line 3, in <module>
    from .models import ArticleCategory, Article, Publication
ImportError: cannot import name 'ArticleCategory' from 'content.models' (/app/content/models.py)
[INFO] 2026-08-19 15:05:43,124 django.utils.autoreload: Watching for file changes with StatReloader
[INFO] 2026-08-19 15:11:28,848 django.utils.autoreload: /app/content/models.py changed, reloading.
[INFO] 2026-08-19 15:11:29,201 django.utils.autoreload: Watching for file changes with StatReloader
[INFO] 2026-08-19 15:11:51,478 django.utils.autoreload: /app/content/serializers.py changed, reloading.
[INFO] 2026-08-19 15:11:51,874 django.utils.autoreload: Watching for file changes with StatReloader
[ERROR] 2026-08-19 15:12:31,016 celery.utils.dispatch.signal: Signal handler <bound method DjangoFixup.on_import_modules of <celery.fixups.django.DjangoFixup object at 0x7fbd121eae40>> raised: ImproperlyConfigured("The included URLconf '<module 'surveys.urls' from '/app/surveys/urls.py'>' does not appear to have any patterns in it. If you see the 'urlpatterns' variable with valid patterns in the file then the issue is probably caused by a circular import.")
Traceback (most recent call last):
  File "/usr/local/lib/python3.13/site-packages/django/urls/resolvers.py", line 720, in url_patterns
    iter(patterns)
    ~~~~^^^^^^^^^^
TypeError: 'module' object is not iterable

The above exception was the direct cause of the following exception:

Traceback (most recent call last):
  File "/usr/local/lib/python3.13/site-packages/celery/utils/dispatch/signal.py", line 280, in send
    response = receiver(signal=self, sender=sender, **named)
  File "/usr/local/lib/python3.13/site-packages/celery/fixups/django.py", line 103, in on_import_modules
    self.worker_fixup.validate_models()
    ~~~~~~~~~~~~~~~~~~~~~~~~~~~~~~~~~^^
  File "/usr/local/lib/python3.13/site-packages/celery/fixups/django.py", line 154, in validate_models
    run_checks()
    ~~~~~~~~~~^^
  File "/usr/local/lib/python3.13/site-packages/django/core/checks/registry.py", line 88, in run_checks
    new_errors = check(app_configs=app_configs, databases=databases)
  File "/usr/local/lib/python3.13/site-packages/django/core/checks/urls.py", line 16, in check_url_config
    return check_resolver(resolver)
  File "/usr/local/lib/python3.13/site-packages/django/core/checks/urls.py", line 26, in check_resolver
    return check_method()
  File "/usr/local/lib/python3.13/site-packages/django/urls/resolvers.py", line 532, in check
    messages.extend(check_resolver(pattern))
                    ~~~~~~~~~~~~~~^^^^^^^^^
  File "/usr/local/lib/python3.13/site-packages/django/core/checks/urls.py", line 26, in check_resolver
    return check_method()
  File "/usr/local/lib/python3.13/site-packages/django/urls/resolvers.py", line 532, in check
    messages.extend(check_resolver(pattern))
                    ~~~~~~~~~~~~~~^^^^^^^^^
  File "/usr/local/lib/python3.13/site-packages/django/core/checks/urls.py", line 26, in check_resolver
    return check_method()
  File "/usr/local/lib/python3.13/site-packages/django/urls/resolvers.py", line 531, in check
    for pattern in self.url_patterns:
                   ^^^^^^^^^^^^^^^^^
  File "/usr/local/lib/python3.13/site-packages/django/utils/functional.py", line 47, in __get__
    res = instance.__dict__[self.name] = self.func(instance)
                                         ~~~~~~~~~^^^^^^^^^^
  File "/usr/local/lib/python3.13/site-packages/django/urls/resolvers.py", line 728, in url_patterns
    raise ImproperlyConfigured(msg.format(name=self.urlconf_name)) from e
django.core.exceptions.ImproperlyConfigured: The included URLconf '<module 'surveys.urls' from '/app/surveys/urls.py'>' does not appear to have any patterns in it. If you see the 'urlpatterns' variable with valid patterns in the file then the issue is probably caused by a circular import.
[INFO] 2026-08-19 15:12:31,684 django.utils.autoreload: Watching for file changes with StatReloader
[INFO] 2026-08-19 15:16:38,579 django.utils.autoreload: /app/surveys/urls.py changed, reloading.
[INFO] 2026-08-19 15:16:38,955 django.utils.autoreload: Watching for file changes with StatReloader
[INFO] 2026-08-19 15:16:44,160 django.utils.autoreload: /app/surveys/views.py changed, reloading.
[INFO] 2026-08-19 15:16:44,535 django.utils.autoreload: Watching for file changes with StatReloader
[INFO] 2026-08-19 15:18:01,078 django.utils.autoreload: Watching for file changes with StatReloader
[INFO] 2026-08-19 15:24:51,101 django.utils.autoreload: Watching for file changes with StatReloader
[WARNING] 2026-08-19 15:26:17,801 django.request: Unauthorized: /api/v1/observations/
[WARNING] 2026-08-19 15:26:17,802 django.request: Unauthorized: /api/v1/surveys/submissions/
[WARNING] 2026-08-19 15:26:17,811 django.request: Unauthorized: /api/v1/observations/
[WARNING] 2026-08-19 15:26:17,812 django.request: Unauthorized: /api/v1/surveys/submissions/
[WARNING] 2026-08-19 15:26:20,728 django.request: Unauthorized: /api/v1/surveys/submissions/
[WARNING] 2026-08-19 15:26:20,734 django.request: Unauthorized: /api/v1/surveys/submissions/
[ERROR] 2026-08-19 15:26:20,756 django.request: Internal Server Error: /api/v1/surveys/forms/active/
Traceback (most recent call last):
  File "/usr/local/lib/python3.13/site-packages/django/db/backends/utils.py", line 105, in _execute
    return self.cursor.execute(sql, params)
           ~~~~~~~~~~~~~~~~~~~^^^^^^^^^^^^^
  File "/usr/local/lib/python3.13/site-packages/psycopg/cursor.py", line 117, in execute
    raise ex.with_traceback(None)
psycopg.errors.UndefinedTable: relation "surveys_surveyform" does not exist
LINE 1: ...eated_at", "surveys_surveyform"."updated_at" FROM "surveys_s...
                                                             ^

The above exception was the direct cause of the following exception:

Traceback (most recent call last):
  File "/usr/local/lib/python3.13/site-packages/django/core/handlers/exception.py", line 55, in inner
    response = get_response(request)
  File "/usr/local/lib/python3.13/site-packages/django/core/handlers/base.py", line 197, in _get_response
    response = wrapped_callback(request, *callback_args, **callback_kwargs)
  File "/usr/local/lib/python3.13/site-packages/django/views/decorators/csrf.py", line 65, in _view_wrapper
    return view_func(request, *args, **kwargs)
  File "/usr/local/lib/python3.13/site-packages/rest_framework/viewsets.py", line 124, in view
    return self.dispatch(request, *args, **kwargs)
           ~~~~~~~~~~~~~^^^^^^^^^^^^^^^^^^^^^^^^^^
  File "/usr/local/lib/python3.13/site-packages/rest_framework/views.py", line 509, in dispatch
    response = self.handle_exception(exc)
  File "/usr/local/lib/python3.13/site-packages/rest_framework/views.py", line 469, in handle_exception
    self.raise_uncaught_exception(exc)
    ~~~~~~~~~~~~~~~~~~~~~~~~~~~~~^^^^^
  File "/usr/local/lib/python3.13/site-packages/rest_framework/views.py", line 480, in raise_uncaught_exception
    raise exc
  File "/usr/local/lib/python3.13/site-packages/rest_framework/views.py", line 506, in dispatch
    response = handler(request, *args, **kwargs)
  File "/app/surveys/views.py", line 37, in active
    return Response(serializer.data)
                    ^^^^^^^^^^^^^^^
  File "/usr/local/lib/python3.13/site-packages/rest_framework/serializers.py", line 795, in data
    ret = super().data
          ^^^^^^^^^^^^
  File "/usr/local/lib/python3.13/site-packages/rest_framework/serializers.py", line 249, in data
    self._data = self.to_representation(self.instance)
                 ~~~~~~~~~~~~~~~~~~~~~~^^^^^^^^^^^^^^^
  File "/usr/local/lib/python3.13/site-packages/rest_framework/serializers.py", line 714, in to_representation
    self.child.to_representation(item) for item in iterable
                                                   ^^^^^^^^
  File "/usr/local/lib/python3.13/site-packages/django/db/models/query.py", line 400, in __iter__
    self._fetch_all()
    ~~~~~~~~~~~~~~~^^
  File "/usr/local/lib/python3.13/site-packages/django/db/models/query.py", line 1928, in _fetch_all
    self._result_cache = list(self._iterable_class(self))
                         ~~~~^^^^^^^^^^^^^^^^^^^^^^^^^^^^
  File "/usr/local/lib/python3.13/site-packages/django/db/models/query.py", line 91, in __iter__
    results = compiler.execute_sql(
        chunked_fetch=self.chunked_fetch, chunk_size=self.chunk_size
    )
  File "/usr/local/lib/python3.13/site-packages/django/db/models/sql/compiler.py", line 1574, in execute_sql
    cursor.execute(sql, params)
    ~~~~~~~~~~~~~~^^^^^^^^^^^^^
  File "/usr/local/lib/python3.13/site-packages/django/db/backends/utils.py", line 122, in execute
    return super().execute(sql, params)
           ~~~~~~~~~~~~~~~^^^^^^^^^^^^^
  File "/usr/local/lib/python3.13/site-packages/django/db/backends/utils.py", line 79, in execute
    return self._execute_with_wrappers(
           ~~~~~~~~~~~~~~~~~~~~~~~~~~~^
        sql, params, many=False, executor=self._execute
        ^^^^^^^^^^^^^^^^^^^^^^^^^^^^^^^^^^^^^^^^^^^^^^^
    )
    ^
  File "/usr/local/lib/python3.13/site-packages/django/db/backends/utils.py", line 92, in _execute_with_wrappers
    return executor(sql, params, many, context)
  File "/usr/local/lib/python3.13/site-packages/django/db/backends/utils.py", line 100, in _execute
    with self.db.wrap_database_errors:
         ^^^^^^^^^^^^^^^^^^^^^^^^^^^^
  File "/usr/local/lib/python3.13/site-packages/django/db/utils.py", line 91, in __exit__
    raise dj_exc_value.with_traceback(traceback) from exc_value
  File "/usr/local/lib/python3.13/site-packages/django/db/backends/utils.py", line 105, in _execute
    return self.cursor.execute(sql, params)
           ~~~~~~~~~~~~~~~~~~~^^^^^^^^^^^^^
  File "/usr/local/lib/python3.13/site-packages/psycopg/cursor.py", line 117, in execute
    raise ex.with_traceback(None)
django.db.utils.ProgrammingError: relation "surveys_surveyform" does not exist
LINE 1: ...eated_at", "surveys_surveyform"."updated_at" FROM "surveys_s...
                                                             ^
[ERROR] 2026-08-19 15:26:20,805 django.request: Internal Server Error: /api/v1/surveys/forms/
Traceback (most recent call last):
  File "/usr/local/lib/python3.13/site-packages/django/db/backends/utils.py", line 105, in _execute
    return self.cursor.execute(sql, params)
           ~~~~~~~~~~~~~~~~~~~^^^^^^^^^^^^^
  File "/usr/local/lib/python3.13/site-packages/psycopg/cursor.py", line 117, in execute
    raise ex.with_traceback(None)
psycopg.errors.UndefinedTable: relation "surveys_surveyform" does not exist
LINE 1: SELECT COUNT(*) AS "__count" FROM "surveys_surveyform" WHERE...
                                          ^

The above exception was the direct cause of the following exception:

Traceback (most recent call last):
  File "/usr/local/lib/python3.13/site-packages/django/core/handlers/exception.py", line 55, in inner
    response = get_response(request)
  File "/usr/local/lib/python3.13/site-packages/django/core/handlers/base.py", line 197, in _get_response
    response = wrapped_callback(request, *callback_args, **callback_kwargs)
  File "/usr/local/lib/python3.13/site-packages/django/views/decorators/csrf.py", line 65, in _view_wrapper
    return view_func(request, *args, **kwargs)
  File "/usr/local/lib/python3.13/site-packages/rest_framework/viewsets.py", line 124, in view
    return self.dispatch(request, *args, **kwargs)
           ~~~~~~~~~~~~~^^^^^^^^^^^^^^^^^^^^^^^^^^
  File "/usr/local/lib/python3.13/site-packages/rest_framework/views.py", line 509, in dispatch
    response = self.handle_exception(exc)
  File "/usr/local/lib/python3.13/site-packages/rest_framework/views.py", line 469, in handle_exception
    self.raise_uncaught_exception(exc)
    ~~~~~~~~~~~~~~~~~~~~~~~~~~~~~^^^^^
  File "/usr/local/lib/python3.13/site-packages/rest_framework/views.py", line 480, in raise_uncaught_exception
    raise exc
  File "/usr/local/lib/python3.13/site-packages/rest_framework/views.py", line 506, in dispatch
    response = handler(request, *args, **kwargs)
  File "/usr/local/lib/python3.13/site-packages/rest_framework/mixins.py", line 40, in list
    page = self.paginate_queryset(queryset)
  File "/usr/local/lib/python3.13/site-packages/rest_framework/generics.py", line 175, in paginate_queryset
    return self.paginator.paginate_queryset(queryset, self.request, view=self)
           ~~~~~~~~~~~~~~~~~~~~~~~~~~~~~~~~^^^^^^^^^^^^^^^^^^^^^^^^^^^^^^^^^^^
  File "/usr/local/lib/python3.13/site-packages/rest_framework/pagination.py", line 394, in paginate_queryset
    self.count = self.get_count(queryset)
                 ~~~~~~~~~~~~~~^^^^^^^^^^
  File "/usr/local/lib/python3.13/site-packages/rest_framework/pagination.py", line 529, in get_count
    return queryset.count()
           ~~~~~~~~~~~~~~^^
  File "/usr/local/lib/python3.13/site-packages/django/db/models/query.py", line 620, in count
    return self.query.get_count(using=self.db)
           ~~~~~~~~~~~~~~~~~~~~^^^^^^^^^^^^^^^
  File "/usr/local/lib/python3.13/site-packages/django/db/models/sql/query.py", line 630, in get_count
    return obj.get_aggregation(using, {"__count": Count("*")})["__count"]
           ~~~~~~~~~~~~~~~~~~~^^^^^^^^^^^^^^^^^^^^^^^^^^^^^^^^
  File "/usr/local/lib/python3.13/site-packages/django/db/models/sql/query.py", line 616, in get_aggregation
    result = compiler.execute_sql(SINGLE)
  File "/usr/local/lib/python3.13/site-packages/django/db/models/sql/compiler.py", line 1574, in execute_sql
    cursor.execute(sql, params)
    ~~~~~~~~~~~~~~^^^^^^^^^^^^^
  File "/usr/local/lib/python3.13/site-packages/django/db/backends/utils.py", line 122, in execute
    return super().execute(sql, params)
           ~~~~~~~~~~~~~~~^^^^^^^^^^^^^
  File "/usr/local/lib/python3.13/site-packages/django/db/backends/utils.py", line 79, in execute
    return self._execute_with_wrappers(
           ~~~~~~~~~~~~~~~~~~~~~~~~~~~^
        sql, params, many=False, executor=self._execute
        ^^^^^^^^^^^^^^^^^^^^^^^^^^^^^^^^^^^^^^^^^^^^^^^
    )
    ^
  File "/usr/local/lib/python3.13/site-packages/django/db/backends/utils.py", line 92, in _execute_with_wrappers
    return executor(sql, params, many, context)
  File "/usr/local/lib/python3.13/site-packages/django/db/backends/utils.py", line 100, in _execute
    with self.db.wrap_database_errors:
         ^^^^^^^^^^^^^^^^^^^^^^^^^^^^
  File "/usr/local/lib/python3.13/site-packages/django/db/utils.py", line 91, in __exit__
    raise dj_exc_value.with_traceback(traceback) from exc_value
  File "/usr/local/lib/python3.13/site-packages/django/db/backends/utils.py", line 105, in _execute
    return self.cursor.execute(sql, params)
           ~~~~~~~~~~~~~~~~~~~^^^^^^^^^^^^^
  File "/usr/local/lib/python3.13/site-packages/psycopg/cursor.py", line 117, in execute
    raise ex.with_traceback(None)
django.db.utils.ProgrammingError: relation "surveys_surveyform" does not exist
LINE 1: SELECT COUNT(*) AS "__count" FROM "surveys_surveyform" WHERE...
                                          ^
[ERROR] 2026-08-19 15:26:20,815 django.request: Internal Server Error: /api/v1/surveys/forms/active/
Traceback (most recent call last):
  File "/usr/local/lib/python3.13/site-packages/django/db/backends/utils.py", line 105, in _execute
    return self.cursor.execute(sql, params)
           ~~~~~~~~~~~~~~~~~~~^^^^^^^^^^^^^
  File "/usr/local/lib/python3.13/site-packages/psycopg/cursor.py", line 117, in execute
    raise ex.with_traceback(None)
psycopg.errors.UndefinedTable: relation "surveys_surveyform" does not exist
LINE 1: ...eated_at", "surveys_surveyform"."updated_at" FROM "surveys_s...
                                                             ^

The above exception was the direct cause of the following exception:

Traceback (most recent call last):
  File "/usr/local/lib/python3.13/site-packages/django/core/handlers/exception.py", line 55, in inner
    response = get_response(request)
  File "/usr/local/lib/python3.13/site-packages/django/core/handlers/base.py", line 197, in _get_response
    response = wrapped_callback(request, *callback_args, **callback_kwargs)
  File "/usr/local/lib/python3.13/site-packages/django/views/decorators/csrf.py", line 65, in _view_wrapper
    return view_func(request, *args, **kwargs)
  File "/usr/local/lib/python3.13/site-packages/rest_framework/viewsets.py", line 124, in view
    return self.dispatch(request, *args, **kwargs)
           ~~~~~~~~~~~~~^^^^^^^^^^^^^^^^^^^^^^^^^^
  File "/usr/local/lib/python3.13/site-packages/rest_framework/views.py", line 509, in dispatch
    response = self.handle_exception(exc)
  File "/usr/local/lib/python3.13/site-packages/rest_framework/views.py", line 469, in handle_exception
    self.raise_uncaught_exception(exc)
    ~~~~~~~~~~~~~~~~~~~~~~~~~~~~~^^^^^
  File "/usr/local/lib/python3.13/site-packages/rest_framework/views.py", line 480, in raise_uncaught_exception
    raise exc
  File "/usr/local/lib/python3.13/site-packages/rest_framework/views.py", line 506, in dispatch
    response = handler(request, *args, **kwargs)
  File "/app/surveys/views.py", line 37, in active
    return Response(serializer.data)
                    ^^^^^^^^^^^^^^^
  File "/usr/local/lib/python3.13/site-packages/rest_framework/serializers.py", line 795, in data
    ret = super().data
          ^^^^^^^^^^^^
  File "/usr/local/lib/python3.13/site-packages/rest_framework/serializers.py", line 249, in data
    self._data = self.to_representation(self.instance)
                 ~~~~~~~~~~~~~~~~~~~~~~^^^^^^^^^^^^^^^
  File "/usr/local/lib/python3.13/site-packages/rest_framework/serializers.py", line 714, in to_representation
    self.child.to_representation(item) for item in iterable
                                                   ^^^^^^^^
  File "/usr/local/lib/python3.13/site-packages/django/db/models/query.py", line 400, in __iter__
    self._fetch_all()
    ~~~~~~~~~~~~~~~^^
  File "/usr/local/lib/python3.13/site-packages/django/db/models/query.py", line 1928, in _fetch_all
    self._result_cache = list(self._iterable_class(self))
                         ~~~~^^^^^^^^^^^^^^^^^^^^^^^^^^^^
  File "/usr/local/lib/python3.13/site-packages/django/db/models/query.py", line 91, in __iter__
    results = compiler.execute_sql(
        chunked_fetch=self.chunked_fetch, chunk_size=self.chunk_size
    )
  File "/usr/local/lib/python3.13/site-packages/django/db/models/sql/compiler.py", line 1574, in execute_sql
    cursor.execute(sql, params)
    ~~~~~~~~~~~~~~^^^^^^^^^^^^^
  File "/usr/local/lib/python3.13/site-packages/django/db/backends/utils.py", line 122, in execute
    return super().execute(sql, params)
           ~~~~~~~~~~~~~~~^^^^^^^^^^^^^
  File "/usr/local/lib/python3.13/site-packages/django/db/backends/utils.py", line 79, in execute
    return self._execute_with_wrappers(
           ~~~~~~~~~~~~~~~~~~~~~~~~~~~^
        sql, params, many=False, executor=self._execute
        ^^^^^^^^^^^^^^^^^^^^^^^^^^^^^^^^^^^^^^^^^^^^^^^
    )
    ^
  File "/usr/local/lib/python3.13/site-packages/django/db/backends/utils.py", line 92, in _execute_with_wrappers
    return executor(sql, params, many, context)
  File "/usr/local/lib/python3.13/site-packages/django/db/backends/utils.py", line 100, in _execute
    with self.db.wrap_database_errors:
         ^^^^^^^^^^^^^^^^^^^^^^^^^^^^
  File "/usr/local/lib/python3.13/site-packages/django/db/utils.py", line 91, in __exit__
    raise dj_exc_value.with_traceback(traceback) from exc_value
  File "/usr/local/lib/python3.13/site-packages/django/db/backends/utils.py", line 105, in _execute
    return self.cursor.execute(sql, params)
           ~~~~~~~~~~~~~~~~~~~^^^^^^^^^^^^^
  File "/usr/local/lib/python3.13/site-packages/psycopg/cursor.py", line 117, in execute
    raise ex.with_traceback(None)
django.db.utils.ProgrammingError: relation "surveys_surveyform" does not exist
LINE 1: ...eated_at", "surveys_surveyform"."updated_at" FROM "surveys_s...
                                                             ^
[ERROR] 2026-08-19 15:26:20,854 django.request: Internal Server Error: /api/v1/surveys/forms/
Traceback (most recent call last):
  File "/usr/local/lib/python3.13/site-packages/django/db/backends/utils.py", line 105, in _execute
    return self.cursor.execute(sql, params)
           ~~~~~~~~~~~~~~~~~~~^^^^^^^^^^^^^
  File "/usr/local/lib/python3.13/site-packages/psycopg/cursor.py", line 117, in execute
    raise ex.with_traceback(None)
psycopg.errors.UndefinedTable: relation "surveys_surveyform" does not exist
LINE 1: SELECT COUNT(*) AS "__count" FROM "surveys_surveyform" WHERE...
                                          ^

The above exception was the direct cause of the following exception:

Traceback (most recent call last):
  File "/usr/local/lib/python3.13/site-packages/django/core/handlers/exception.py", line 55, in inner
    response = get_response(request)
  File "/usr/local/lib/python3.13/site-packages/django/core/handlers/base.py", line 197, in _get_response
    response = wrapped_callback(request, *callback_args, **callback_kwargs)
  File "/usr/local/lib/python3.13/site-packages/django/views/decorators/csrf.py", line 65, in _view_wrapper
    return view_func(request, *args, **kwargs)
  File "/usr/local/lib/python3.13/site-packages/rest_framework/viewsets.py", line 124, in view
    return self.dispatch(request, *args, **kwargs)
           ~~~~~~~~~~~~~^^^^^^^^^^^^^^^^^^^^^^^^^^
  File "/usr/local/lib/python3.13/site-packages/rest_framework/views.py", line 509, in dispatch
    response = self.handle_exception(exc)
  File "/usr/local/lib/python3.13/site-packages/rest_framework/views.py", line 469, in handle_exception
    self.raise_uncaught_exception(exc)
    ~~~~~~~~~~~~~~~~~~~~~~~~~~~~~^^^^^
  File "/usr/local/lib/python3.13/site-packages/rest_framework/views.py", line 480, in raise_uncaught_exception
    raise exc
  File "/usr/local/lib/python3.13/site-packages/rest_framework/views.py", line 506, in dispatch
    response = handler(request, *args, **kwargs)
  File "/usr/local/lib/python3.13/site-packages/rest_framework/mixins.py", line 40, in list
    page = self.paginate_queryset(queryset)
  File "/usr/local/lib/python3.13/site-packages/rest_framework/generics.py", line 175, in paginate_queryset
    return self.paginator.paginate_queryset(queryset, self.request, view=self)
           ~~~~~~~~~~~~~~~~~~~~~~~~~~~~~~~~^^^^^^^^^^^^^^^^^^^^^^^^^^^^^^^^^^^
  File "/usr/local/lib/python3.13/site-packages/rest_framework/pagination.py", line 394, in paginate_queryset
    self.count = self.get_count(queryset)
                 ~~~~~~~~~~~~~~^^^^^^^^^^
  File "/usr/local/lib/python3.13/site-packages/rest_framework/pagination.py", line 529, in get_count
    return queryset.count()
           ~~~~~~~~~~~~~~^^
  File "/usr/local/lib/python3.13/site-packages/django/db/models/query.py", line 620, in count
    return self.query.get_count(using=self.db)
           ~~~~~~~~~~~~~~~~~~~~^^^^^^^^^^^^^^^
  File "/usr/local/lib/python3.13/site-packages/django/db/models/sql/query.py", line 630, in get_count
    return obj.get_aggregation(using, {"__count": Count("*")})["__count"]
           ~~~~~~~~~~~~~~~~~~~^^^^^^^^^^^^^^^^^^^^^^^^^^^^^^^^
  File "/usr/local/lib/python3.13/site-packages/django/db/models/sql/query.py", line 616, in get_aggregation
    result = compiler.execute_sql(SINGLE)
  File "/usr/local/lib/python3.13/site-packages/django/db/models/sql/compiler.py", line 1574, in execute_sql
    cursor.execute(sql, params)
    ~~~~~~~~~~~~~~^^^^^^^^^^^^^
  File "/usr/local/lib/python3.13/site-packages/django/db/backends/utils.py", line 122, in execute
    return super().execute(sql, params)
           ~~~~~~~~~~~~~~~^^^^^^^^^^^^^
  File "/usr/local/lib/python3.13/site-packages/django/db/backends/utils.py", line 79, in execute
    return self._execute_with_wrappers(
           ~~~~~~~~~~~~~~~~~~~~~~~~~~~^
        sql, params, many=False, executor=self._execute
        ^^^^^^^^^^^^^^^^^^^^^^^^^^^^^^^^^^^^^^^^^^^^^^^
    )
    ^
  File "/usr/local/lib/python3.13/site-packages/django/db/backends/utils.py", line 92, in _execute_with_wrappers
    return executor(sql, params, many, context)
  File "/usr/local/lib/python3.13/site-packages/django/db/backends/utils.py", line 100, in _execute
    with self.db.wrap_database_errors:
         ^^^^^^^^^^^^^^^^^^^^^^^^^^^^
  File "/usr/local/lib/python3.13/site-packages/django/db/utils.py", line 91, in __exit__
    raise dj_exc_value.with_traceback(traceback) from exc_value
  File "/usr/local/lib/python3.13/site-packages/django/db/backends/utils.py", line 105, in _execute
    return self.cursor.execute(sql, params)
           ~~~~~~~~~~~~~~~~~~~^^^^^^^^^^^^^
  File "/usr/local/lib/python3.13/site-packages/psycopg/cursor.py", line 117, in execute
    raise ex.with_traceback(None)
django.db.utils.ProgrammingError: relation "surveys_surveyform" does not exist
LINE 1: SELECT COUNT(*) AS "__count" FROM "surveys_surveyform" WHERE...
                                          ^
[WARNING] 2026-08-19 15:34:36,898 django.request: Unauthorized: /api/v1/observations/
[WARNING] 2026-08-19 15:34:36,900 django.request: Unauthorized: /api/v1/surveys/submissions/
[WARNING] 2026-08-19 15:34:36,909 django.request: Unauthorized: /api/v1/observations/
[WARNING] 2026-08-19 15:34:36,910 django.request: Unauthorized: /api/v1/surveys/submissions/
[WARNING] 2026-08-19 15:34:39,928 django.request: Unauthorized: /api/v1/surveys/submissions/
[WARNING] 2026-08-19 15:34:39,932 django.request: Unauthorized: /api/v1/surveys/submissions/
[WARNING] 2026-08-19 15:35:31,685 django.request: Bad Request: /api/v1/surveys/submissions/
[INFO] 2026-08-21 13:59:18,663 django.utils.autoreload: Watching for file changes with StatReloader
[WARNING] 2026-08-21 13:59:19,365 django.request: Unauthorized: /api/v1/observations/
[WARNING] 2026-08-21 13:59:19,367 django.request: Unauthorized: /api/v1/surveys/submissions/
[WARNING] 2026-08-21 13:59:19,373 django.request: Unauthorized: /api/v1/observations/
[WARNING] 2026-08-21 13:59:19,375 django.request: Unauthorized: /api/v1/surveys/submissions/
[WARNING] 2026-08-21 13:59:20,776 django.request: Unauthorized: /api/v1/observations/
[WARNING] 2026-08-21 13:59:20,778 django.request: Unauthorized: /api/v1/surveys/submissions/
[WARNING] 2026-08-21 13:59:20,787 django.request: Unauthorized: /api/v1/observations/
[WARNING] 2026-08-21 13:59:20,788 django.request: Unauthorized: /api/v1/surveys/submissions/
[WARNING] 2026-08-21 13:59:32,525 django.request: Unauthorized: /api/v1/surveys/submissions/
[WARNING] 2026-08-21 13:59:32,531 django.request: Unauthorized: /api/v1/surveys/submissions/
[WARNING] 2026-08-21 14:03:28,205 django.request: Unauthorized: /api/v1/organizations/
[WARNING] 2026-08-21 14:03:28,210 django.request: Unauthorized: /api/v1/organizations/
[WARNING] 2026-08-21 14:03:32,819 django.request: Unauthorized: /api/v1/surveys/submissions/
[WARNING] 2026-08-21 14:03:32,823 django.request: Unauthorized: /api/v1/surveys/submissions/
[WARNING] 2026-08-21 14:13:00,839 django.request: Unauthorized: /api/v1/users/login/
[WARNING] 2026-08-21 14:13:14,111 django.request: Unauthorized: /api/v1/users/login/
[WARNING] 2026-08-21 14:13:26,502 django.request: Not Found: /favicon.ico
[WARNING] 2026-08-21 14:13:45,402 django.request: Unauthorized: /api/v1/users/register/
[WARNING] 2026-08-21 14:14:01,155 django.request: Unauthorized: /api/v1/users/login/
[WARNING] 2026-08-21 14:14:04,878 django.request: Unauthorized: /api/v1/users/register/
[INFO] 2026-08-21 14:17:14,092 monitoring: Starting subdomain database seed process...
[INFO] 2026-08-21 14:17:14,121 monitoring: Successfully seeded 5 subdomains (5 new created).
[WARNING] 2026-08-21 14:20:53,747 django.request: Unauthorized: /api/v1/users/login/
[INFO] 2026-08-21 14:21:57,373 django.utils.autoreload: /app/observations/serializers.py changed, reloading.
[INFO] 2026-08-21 14:21:57,749 django.utils.autoreload: Watching for file changes with StatReloader
[INFO] 2026-08-21 14:22:57,799 django.utils.autoreload: Watching for file changes with StatReloader
[WARNING] 2026-08-21 14:23:22,708 django.request: Not Found: /api/v1/locations/units
[INFO] 2026-08-21 14:26:00,608 monitoring: Created Organization id=7732f8f0-ff6d-4792-80f4-723e22577e11 name='Test Organization' code='TE'
[WARNING] 2026-08-21 14:38:21,677 django.request: Bad Request: /api/v1/observations/
[WARNING] 2026-08-21 15:31:22,848 django.request: Unauthorized: /api/v1/observations/
[INFO] 2026-08-21 15:44:28,913 django.utils.autoreload: /app/observations/views.py changed, reloading.
[INFO] 2026-08-21 15:44:29,393 django.utils.autoreload: Watching for file changes with StatReloader
[INFO] 2026-08-21 15:46:46,826 django.utils.autoreload: /app/organizations/views.py changed, reloading.
[INFO] 2026-08-21 15:46:47,263 django.utils.autoreload: Watching for file changes with StatReloader
[INFO] 2026-08-21 15:46:56,511 django.utils.autoreload: /app/organizations/views.py changed, reloading.
[INFO] 2026-08-21 15:46:56,852 django.utils.autoreload: Watching for file changes with StatReloader
[INFO] 2026-08-21 15:47:09,109 django.utils.autoreload: /app/organizations/views.py changed, reloading.
[INFO] 2026-08-21 15:47:09,472 django.utils.autoreload: Watching for file changes with StatReloader
[INFO] 2026-08-21 15:48:21,178 django.utils.autoreload: /app/organizations/views.py changed, reloading.
[INFO] 2026-08-21 15:48:21,520 django.utils.autoreload: Watching for file changes with StatReloader
[INFO] 2026-08-21 15:48:52,920 django.utils.autoreload: /app/organizations/views.py changed, reloading.
[INFO] 2026-08-21 15:48:53,255 django.utils.autoreload: Watching for file changes with StatReloader
[WARNING] 2026-08-21 15:49:32,199 django.request: Forbidden: /api/v1/organizations/
[INFO] 2026-08-21 15:51:01,545 django.utils.autoreload: /app/content/views.py changed, reloading.
[INFO] 2026-08-21 15:51:01,859 django.utils.autoreload: Watching for file changes with StatReloader
[INFO] 2026-08-21 15:51:46,357 django.utils.autoreload: /app/surveys/views.py changed, reloading.
[INFO] 2026-08-21 15:51:46,709 django.utils.autoreload: Watching for file changes with StatReloader
[INFO] 2026-08-21 15:55:55,866 django.utils.autoreload: /app/surveys/views.py changed, reloading.
[INFO] 2026-08-21 15:55:56,198 django.utils.autoreload: Watching for file changes with StatReloader
[INFO] 2026-08-21 15:56:03,418 django.utils.autoreload: /app/surveys/views.py changed, reloading.
[INFO] 2026-08-21 15:56:03,769 django.utils.autoreload: Watching for file changes with StatReloader
[INFO] 2026-08-21 15:57:01,375 django.utils.autoreload: /app/observations/views.py changed, reloading.
[INFO] 2026-08-21 15:57:01,705 django.utils.autoreload: Watching for file changes with StatReloader
[WARNING] 2026-08-21 15:57:43,049 django.request: Forbidden: /api/v1/observations/
[WARNING] 2026-08-21 15:58:13,768 django.request: Unauthorized: /api/v1/observations/
[WARNING] 2026-08-21 15:58:13,770 django.request: Unauthorized: /api/v1/surveys/submissions/
[WARNING] 2026-08-21 15:58:13,780 django.request: Unauthorized: /api/v1/observations/
[WARNING] 2026-08-21 15:58:13,781 django.request: Unauthorized: /api/v1/surveys/submissions/
[WARNING] 2026-08-21 15:58:16,870 django.request: Unauthorized: /api/v1/surveys/forms/active/
[WARNING] 2026-08-21 15:58:16,872 django.request: Unauthorized: /api/v1/surveys/submissions/
[WARNING] 2026-08-21 15:58:16,878 django.request: Unauthorized: /api/v1/surveys/forms/active/
[WARNING] 2026-08-21 15:58:16,879 django.request: Unauthorized: /api/v1/surveys/submissions/
[WARNING] 2026-08-21 15:58:16,885 django.request: Unauthorized: /api/v1/surveys/forms/
[WARNING] 2026-08-21 15:58:16,891 django.request: Unauthorized: /api/v1/surveys/forms/
